#
# There is insufficient memory for the Java Runtime Environment to continue.
# Native memory allocation (malloc) failed to allocate 32744 bytes for Chunk::new
# Possible reasons:
#   The system is out of physical RAM or swap space
#   The process is running with CompressedOops enabled, and the Java Heap may be blocking the growth of the native heap
# Possible solutions:
#   Reduce memory load on the system
#   Increase physical memory or swap space
#   Check if swap backing store is full
#   Decrease Java heap size (-Xmx/-Xms)
#   Decrease number of Java threads
#
#  
Host: 12th Gen Intel(R) Core(TM) i5-12500H, 16 cores, 15G,  Windows 11 , 64 bit Build 26100 (10.0.26100.7019)
Time: Sun Nov 23 14:49:01 2025 SE Asia Standard Time elapsed time: 0.634654 seconds (0d 0h 0m 0s)

---------------  T H R E A D  ---------------

Current thread (0x000001a0754f30c0):  JavaThread "C1 CompilerThread0" daemon [_thread_in_native, id=15044, stack(0x0000001dbfb00000,0x0000001dbfc00000) (1024K)]


Current CompileTask:
C1:    634 1272       3       sun.util.locale.StringTokenIterator::nextDelimiter (116 bytes)

Stack: [0x0000001dbfb00000,0x0000001dbfc00000]
Native frames: (J=compiled Java code, j=interpreted, Vv=VM code, C=native code)
V  [jvm.dll+0x6cbf89]